Microchip MPLAB XC8 Compiler V2.00 ()

Linker command line:

-W-3 --edf=C:\Program Files (x86)\Microchip\xc8\v2.00\pic\dat\en_msgs.txt \
  -cs \
  -h+dist/default/production\Projet_Ait_Aubry_Comminges.X.production.sym \
  --cmf=dist/default/production\Projet_Ait_Aubry_Comminges.X.production.cmf \
  -z -Q16F877 -oC:\Users\Abdel\AppData\Local\Temp\sg4k.2 \
  --defsym=__MPLAB_BUILD=1 \
  -Mdist/default/production/Projet_Ait_Aubry_Comminges.X.production.map -E1 \
  -ver=XC8 --acfsm=1493 -ASTACK=0110h-016fh -pstack=STACK \
  -ACODE=00h-07FFhx4 -ASTRCODE=00h-01FFFh -ASTRING=00h-0FFhx32 \
  -ACONST=00h-0FFhx32 -AENTRY=00h-0FFhx32 -ACOMMON=070h-07Fh \
  -ABANK0=020h-06Fh -ABANK1=0A0h-0EFh -ABANK2=0110h-016Fh \
  -ABANK3=0190h-01EFh -ARAM=020h-06Fh,0A0h-0EFh,0110h-016Fh,0190h-01EFh \
  -AABS1=020h-07Fh,0A0h-0EFh,0110h-016Fh,0190h-01EFh -ASFR0=00h-01Fh \
  -ASFR1=080h-09Fh -ASFR2=0100h-010Fh -ASFR3=0180h-018Fh \
  -preset_vec=00h,intentry,init,end_init -ppowerup=CODE -pcinit=CODE \
  -pfunctab=ENTRY -ACONFIG=02007h-02007h -pconfig=CONFIG -DCONFIG=2 \
  -AIDLOC=02000h-02003h -pidloc=IDLOC -DIDLOC=2 -AEEDATA=00h-0FFh/02100h \
  -peeprom_data=EEDATA -DEEDATA=2 -DCODE=2 -DSTRCODE=2 -DSTRING=2 -DCONST=2 \
  -DENTRY=2 -k C:\Users\Abdel\AppData\Local\Temp\sg4k.o \
  dist/default/production\Projet_Ait_Aubry_Comminges.X.production.o 

Object code version is 3.11

Machine type is 16F877



                Name                               Link     Load   Length Selector   Space Scale
C:\Users\Abdel\AppData\Local\Temp\sg4k.o
                end_init                              0        0        3        0       0
                config                             2007     2007        1     400E       0
dist/default/production\Projet_Ait_Aubry_Comminges.X.production.o
                cinit                               7DA      7DA       26      FB4       0
                text12                              DF7      DF7      209     1BEE       0
                text11                              955      955       2A     12AA       0
                text10                              465      465      375      8CA       0
                text9                               A72      A72       C2     14E4       0
                text8                               B34      B34       C3     1668       0
                text7                               1A9      1A9      2BC      352       0
                text6                               930      930       25     1260       0
                text5                               BF7      BF7       E5     17EE       0
                text4                               CDC      CDC      11B     19B8       0
                text3                                27       27       50       4E       0
                text2                               9C2      9C2       B0     1384       0
                text1                                77       77      132       EE       0
                maintext                            97F      97F       43     12FE       0
                cstackBANK0                          20       20       50       20       1
                cstackCOMMON                         70       70        E       70       1
                cstackBANK1                          AC       AC        3       A0       1
                dataBANK1                            A8       A8        4       A0       1
                bssBANK1                             A0       A0        8       A0       1
                idataBANK1                           23       23        4       46       0

TOTAL           Name                               Link     Load   Length     Space
        CLASS   STACK          

        CLASS   CODE           
                end_init                              0        0        3         0
                cinit                               7DA      7DA       26         0
                text12                              DF7      DF7      209         0
                text11                              955      955       2A         0
                text10                              465      465      375         0
                text9                               A72      A72       C2         0
                text8                               B34      B34       C3         0
                text7                               1A9      1A9      2BC         0
                text6                               930      930       25         0
                text5                               BF7      BF7       E5         0
                text4                               CDC      CDC      11B         0
                text3                                27       27       50         0
                text2                               9C2      9C2       B0         0
                text1                                77       77      132         0
                maintext                            97F      97F       43         0
                idataBANK1                           23       23        4         0

        CLASS   STRCODE        

        CLASS   STRING         

        CLASS   CONST          

        CLASS   ENTRY          

        CLASS   COMMON         
                cstackCOMMON                         70       70        E         1

        CLASS   BANK0          
                cstackBANK0                          20       20       50         1

        CLASS   BANK1          
                cstackBANK1                          AC       AC        3         1
                dataBANK1                            A8       A8        4         1
                bssBANK1                             A0       A0        8         1

        CLASS   BANK2          

        CLASS   BANK3          

        CLASS   RAM            

        CLASS   ABS1           
                abs_s1                               7E       7E        2         1

        CLASS   SFR0           

        CLASS   SFR1           

        CLASS   SFR2           

        CLASS   SFR3           

        CLASS   CONFIG         
                config                             2007     2007        1         0

        CLASS   IDLOC          

        CLASS   EEDATA         



SEGMENTS        Name                           Load    Length   Top    Selector   Space  Class     Delta

                reset_vec                      000000  000003  000003         0       0  CODE        2
                cstackBANK0                    000020  000050  000070        20       1  BANK0       1
                idataBANK1                     000023  000004  000027        46       0  CODE        2
                text3                          000027  000050  000077        4E       0  CODE        2
                cstackCOMMON                   000070  00000E  00007E        70       1  COMMON      1
                bssBANK1                       0000A0  00000F  0000AF        A0       1  BANK1       1
                text1                          000077  000132  0001A9        EE       0  CODE        2
                text7                          0001A9  0002BC  000465       352       0  CODE        2
                text10                         000465  000375  0007DA       8CA       0  CODE        2
                cinit                          0007DA  000026  000800       FB4       0  CODE        2
                text6                          000930  000025  000955      1260       0  CODE        2
                text11                         000955  00002A  00097F      12AA       0  CODE        2
                maintext                       00097F  000043  0009C2      12FE       0  CODE        2
                text2                          0009C2  0000B0  000A72      1384       0  CODE        2
                text9                          000A72  0000C2  000B34      14E4       0  CODE        2
                text8                          000B34  0000C3  000BF7      1668       0  CODE        2
                text5                          000BF7  0000E5  000CDC      17EE       0  CODE        2
                text4                          000CDC  00011B  000DF7      19B8       0  CODE        2
                text12                         000DF7  000209  001000      1BEE       0  CODE        2
                config                         002007  000001  002008      400E       0  CONFIG      2


UNUSED ADDRESS RANGES

        Name                Unused          Largest block    Delta
        BANK1            00AF-00EF             41           1
        BANK2            0110-016F             60           1
        BANK3            0190-01EF             60           1
        CODE             0003-0022             20           2
                         0800-092F            130
                         1000-1FFF            800
        CONST            0003-0022             20           2
                         0800-092F            100
                         1000-1FFF            100
        EEDATA           2100-21FF            100           2
        ENTRY            0003-0022             20           2
                         0800-092F            100
                         1000-1FFF            100
        IDLOC            2000-2003              4           2
        RAM              00AF-00EF             41           1
                         0110-016F             60
                         0190-01EF             60
        SFR0             0000-001F             20           1
        SFR1             0080-009F             20           1
        SFR2             0100-010F             10           1
        SFR3             0180-018F             10           1
        STACK            0110-016F             60           1
        STRCODE          0003-0022             20           2
                         0800-092F            130
                         1000-1FFF           1000
        STRING           0003-0022             20           2
                         0800-092F            100
                         1000-1FFF            100

                                  Symbol Table

?__Umul8_16              cstackCOMMON 0070
?___fladd                cstackBANK0  003A
?___fldiv                cstackBANK0  003A
?___flmul                cstackBANK0  0020
?___flsub                cstackBANK0  0052
?___xxtofl               cstackCOMMON 0070
_ADCON0                  (abs)        001F
_ADCON0bits              (abs)        001F
_ADCON1                  (abs)        009F
_ADRESH                  (abs)        001E
_ADRESL                  (abs)        009E
_RC0                     (abs)        0038
_RC1                     (abs)        0039
_RC3                     (abs)        003B
_RC4                     (abs)        003C
_RC5                     (abs)        003D
_RC6                     (abs)        003E
_RC7                     (abs)        003F
_RD0                     (abs)        0040
_RD1                     (abs)        0041
_TRISA                   (abs)        0085
_TRISC                   (abs)        0087
_TRISD                   (abs)        0088
__CFG_BOREN$ON           (abs)        0000
__CFG_CP$OFF             (abs)        0000
__CFG_CPD$OFF            (abs)        0000
__CFG_FOSC$HS            (abs)        0000
__CFG_LVP$OFF            (abs)        0000
__CFG_PWRTE$OFF          (abs)        0000
__CFG_WDTE$OFF           (abs)        0000
__CFG_WRT$ON             (abs)        0000
__Habs1                  abs1         0000
__Hbank0                 bank0        0000
__Hbank1                 bank1        0000
__Hbank2                 bank2        0000
__Hbank3                 bank3        0000
__HbssBANK1              bssBANK1     0000
__Hcinit                 cinit        0800
__Hclrtext               clrtext      0000
__Hcode                  code         0000
__Hcommon                common       0000
__Hconfig                config       2008
__HcstackBANK0           cstackBANK0  0000
__HcstackBANK1           cstackBANK1  0000
__HcstackCOMMON          cstackCOMMON 0000
__HdataBANK1             dataBANK1    0000
__Heeprom_data           eeprom_data  0000
__Hend_init              end_init     0003
__Hfunctab               functab      0000
__HidataBANK1            idataBANK1   0000
__Hidloc                 idloc        0000
__Hinit                  init         0000
__Hintentry              intentry     0000
__Hmaintext              maintext     0000
__Hpowerup               powerup      0000
__Hram                   ram          0000
__Hreset_vec             reset_vec    0000
__Hsfr0                  sfr0         0000
__Hsfr1                  sfr1         0000
__Hsfr2                  sfr2         0000
__Hsfr3                  sfr3         0000
__Hspace_0               (abs)        2008
__Hspace_1               (abs)        00AF
__Hspace_2               (abs)        0000
__Hspace_3               (abs)        0000
__Hstack                 stack        0000
__Hstrings               strings      0000
__Htext                  text         0000
__Labs1                  abs1         0000
__Lbank0                 bank0        0000
__Lbank1                 bank1        0000
__Lbank2                 bank2        0000
__Lbank3                 bank3        0000
__LbssBANK1              bssBANK1     0000
__Lcinit                 cinit        07DA
__Lclrtext               clrtext      0000
__Lcode                  code         0000
__Lcommon                common       0000
__Lconfig                config       2007
__LcstackBANK0           cstackBANK0  0000
__LcstackBANK1           cstackBANK1  0000
__LcstackCOMMON          cstackCOMMON 0000
__LdataBANK1             dataBANK1    0000
__Leeprom_data           eeprom_data  0000
__Lend_init              end_init     0000
__Lfunctab               functab      0000
__LidataBANK1            idataBANK1   0000
__Lidloc                 idloc        0000
__Linit                  init         0000
__Lintentry              intentry     0000
__Lmaintext              maintext     0000
__Lpowerup               powerup      0000
__Lram                   ram          0000
__Lreset_vec             reset_vec    0000
__Lsfr0                  sfr0         0000
__Lsfr1                  sfr1         0000
__Lsfr2                  sfr2         0000
__Lsfr3                  sfr3         0000
__Lspace_0               (abs)        0000
__Lspace_1               (abs)        0000
__Lspace_2               (abs)        0000
__Lspace_3               (abs)        0000
__Lstack                 stack        0000
__Lstrings               strings      0000
__Ltext                  text         0000
__S0                     (abs)        2008
__S1                     (abs)        00AF
__S2                     (abs)        0000
__S3                     (abs)        0000
__Umul8_16               text11       0955
__Umul8_16@multiplicand  cstackCOMMON 0070
__Umul8_16@multiplier    cstackCOMMON 0078
__Umul8_16@product       cstackCOMMON 0074
__Umul8_16@word_mpld     cstackCOMMON 0076
___fladd                 text7        01A9
___fladd@a               cstackBANK0  003E
___fladd@aexp            cstackBANK0  004F
___fladd@b               cstackBANK0  003A
___fladd@bexp            cstackBANK0  0050
___fladd@grs             cstackBANK0  0051
___fladd@signs           cstackBANK0  004E
___fldiv                 text12       0DF7
___fldiv@a               cstackBANK0  003A
___fldiv@aexp            cstackBANK0  0053
___fldiv@b               cstackBANK0  003E
___fldiv@bexp            cstackBANK0  0052
___fldiv@grs             cstackBANK0  004E
___fldiv@new_exp         cstackBANK0  004C
___fldiv@rem             cstackBANK0  0047
___fldiv@sign            cstackBANK0  004B
___fleq                  text3        0027
___fleq@ff1              cstackCOMMON 0070
___fleq@ff2              cstackCOMMON 0074
___flge                  text8        0B34
___flge@ff1              cstackBANK0  0052
___flge@ff2              cstackBANK0  0056
___flmul                 text10       0465
___flmul@a               cstackBANK0  0024
___flmul@aexp            cstackBANK0  0032
___flmul@b               cstackBANK0  0020
___flmul@bexp            cstackBANK0  0033
___flmul@grs             cstackBANK0  002E
___flmul@prod            cstackBANK0  0034
___flmul@sign            cstackBANK0  002D
___flmul@temp            cstackBANK0  0038
___flsub                 text6        0930
___flsub@a               cstackBANK0  0052
___flsub@b               cstackBANK0  0056
___int_sp                stack        0000
___latbits               (abs)        0002
___sp                    stack        0000
___xxtofl                text9        0A72
___xxtofl@arg            cstackCOMMON 007A
___xxtofl@exp            cstackCOMMON 0079
___xxtofl@sign           cstackCOMMON 0078
___xxtofl@val            cstackCOMMON 0070
__end_of__Umul8_16       text11       097F
__end_of___fladd         text7        0465
__end_of___fldiv         text12       1000
__end_of___fleq          text3        0077
__end_of___flge          text8        0BF7
__end_of___flmul         text10       07DA
__end_of___flsub         text6        0955
__end_of___xxtofl        text9        0B34
__end_of__initialization cinit        07FC
__end_of_change_heat     text5        0CDC
__end_of_check_heat      text4        0DF7
__end_of_light           text2        0A72
__end_of_main            maintext     09C2
__end_of_watch_heat      text1        01A9
__initialization         cinit        07DA
__pbssBANK1              bssBANK1     00A0
__pcstackBANK0           cstackBANK0  0020
__pcstackBANK1           cstackBANK1  00AC
__pcstackCOMMON          cstackCOMMON 0070
__pdataBANK1             dataBANK1    00A8
__pidataBANK1            idataBANK1   0023
__pmaintext              maintext     097F
__ptext1                 text1        0077
__ptext10                text10       0465
__ptext11                text11       0955
__ptext12                text12       0DF7
__ptext2                 text2        09C2
__ptext3                 text3        0027
__ptext4                 text4        0CDC
__ptext5                 text5        0BF7
__ptext6                 text6        0930
__ptext7                 text7        01A9
__ptext8                 text8        0B34
__ptext9                 text9        0A72
__size_of__Umul8_16      (abs)        0000
__size_of___fladd        (abs)        0000
__size_of___fldiv        (abs)        0000
__size_of___fleq         (abs)        0000
__size_of___flge         (abs)        0000
__size_of___flmul        (abs)        0000
__size_of___flsub        (abs)        0000
__size_of___xxtofl       (abs)        0000
__size_of_change_heat    (abs)        0000
__size_of_check_heat     (abs)        0000
__size_of_light          (abs)        0000
__size_of_main           (abs)        0000
__size_of_watch_heat     (abs)        0000
_change_heat             text5        0BF7
_check_heat              text4        0CDC
_light                   text2        09C2
_main                    maintext     097F
_temp                    bssBANK1     00A0
_temp_cible              dataBANK1    00A8
_tension                 bssBANK1     00A4
_watch_heat              text1        0077
btemp                    (abs)        007E
check_heat@temp          cstackBANK0  0062
end_of_initialization    cinit        07FC
intlevel0                functab      0000
intlevel1                functab      0000
intlevel2                functab      0000
intlevel3                functab      0000
intlevel4                functab      0000
intlevel5                functab      0000
light@temp               cstackBANK0  0020
main@i                   cstackBANK0  006E
reset_vec                reset_vec    0000
stackhi                  (abs)        0000
stacklo                  (abs)        0000
start                    init         0000
start_initialization     cinit        07DA
watch_heat@ValeurADC     cstackBANK0  006A
wtemp0                   (abs)        007E


FUNCTION INFORMATION:

 *************** function _main *****************
 Defined at:
		line 5 in file "main.c"
 Parameters:    Size  Location     Type
		None
 Auto vars:     Size  Location     Type
  i               2   78[BANK0 ] int 
 Return value:  Size  Location     Type
                  1    wreg      void 
 Registers used:
		wreg, status,2, status,0, btemp+1, pclath, cstack
 Tracked objects:
		On entry : 
		On exit  : 
		Unchanged: 
 Data sizes:     COMMON   BANK0   BANK1   BANK3   BANK2
      Params:         0       0       0       0       0
      Locals:         0       2       0       0       0
      Temps:          0       0       3       0       0
      Totals:         0       2       3       0       0
Total ram usage:        5 bytes
 Hardware stack levels required when called:    4
 This function calls:
		_watch_heat
 This function is called by:
		Startup code after reset
 This function uses a non-reentrant model


 *************** function _watch_heat *****************
 Defined at:
		line 33 in file "heat.c"
 Parameters:    Size  Location     Type
		None
 Auto vars:     Size  Location     Type
  ValeurADC       4   74[BANK0 ] unsigned long 
 Return value:  Size  Location     Type
                  1    wreg      void 
 Registers used:
		wreg, status,2, status,0, btemp+1, pclath, cstack
 Tracked objects:
		On entry : 
		On exit  : 
		Unchanged: 
 Data sizes:     COMMON   BANK0   BANK1   BANK3   BANK2
      Params:         0       0       0       0       0
      Locals:         0       4       0       0       0
      Temps:          0       4       0       0       0
      Totals:         0       8       0       0       0
Total ram usage:        8 bytes
 Hardware stack levels used:    1
 Hardware stack levels required when called:    3
 This function calls:
		___fladd
		___fldiv
		___flmul
		___xxtofl
		_change_heat
		_check_heat
		_light
 This function is called by:
		_main
 This function uses a non-reentrant model


 *************** function _light *****************
 Defined at:
		line 52 in file "heat.c"
 Parameters:    Size  Location     Type
  temp            4    0[BANK0 ] float 
 Auto vars:     Size  Location     Type
		None
 Return value:  Size  Location     Type
                  1    wreg      void 
 Registers used:
		wreg, status,2, status,0, pclath, cstack
 Tracked objects:
		On entry : 
		On exit  : 
		Unchanged: 
 Data sizes:     COMMON   BANK0   BANK1   BANK3   BANK2
      Params:         0       4       0       0       0
      Locals:         0       0       0       0       0
      Temps:          0       0       0       0       0
      Totals:         0       4       0       0       0
Total ram usage:        4 bytes
 Hardware stack levels used:    1
 Hardware stack levels required when called:    1
 This function calls:
		___fleq
 This function is called by:
		_watch_heat
 This function uses a non-reentrant model


 *************** function ___fleq *****************
 Defined at:
		line 4 in file "C:\Program Files (x86)\Microchip\xc8\v2.00\pic\sources\c90\common\fleq.c"
 Parameters:    Size  Location     Type
  ff1             4    0[COMMON] void 
  ff2             4    4[COMMON] void 
 Auto vars:     Size  Location     Type
		None
 Return value:  Size  Location     Type
		None               void
 Registers used:
		wreg, status,2, status,0
 Tracked objects:
		On entry : 
		On exit  : 
		Unchanged: 
 Data sizes:     COMMON   BANK0   BANK1   BANK3   BANK2
      Params:         8       0       0       0       0
      Locals:         0       0       0       0       0
      Temps:          4       0       0       0       0
      Totals:        12       0       0       0       0
Total ram usage:       12 bytes
 Hardware stack levels used:    1
 This function calls:
		Nothing
 This function is called by:
		_light
 This function uses a non-reentrant model


 *************** function _check_heat *****************
 Defined at:
		line 17 in file "heat.c"
 Parameters:    Size  Location     Type
  temp            4   66[BANK0 ] float 
 Auto vars:     Size  Location     Type
		None
 Return value:  Size  Location     Type
                  1    wreg      void 
 Registers used:
		wreg, status,2, status,0, btemp+1, pclath, cstack
 Tracked objects:
		On entry : 
		On exit  : 
		Unchanged: 
 Data sizes:     COMMON   BANK0   BANK1   BANK3   BANK2
      Params:         0       4       0       0       0
      Locals:         0       0       0       0       0
      Temps:          0       0       0       0       0
      Totals:         0       4       0       0       0
Total ram usage:        4 bytes
 Hardware stack levels used:    1
 Hardware stack levels required when called:    1
 This function calls:
		___fladd
		___flge
 This function is called by:
		_watch_heat
 This function uses a non-reentrant model


 *************** function _change_heat *****************
 Defined at:
		line 3 in file "heat.c"
 Parameters:    Size  Location     Type
		None
 Auto vars:     Size  Location     Type
		None
 Return value:  Size  Location     Type
                  1    wreg      void 
 Registers used:
		wreg, status,2, status,0, btemp+1, pclath, cstack
 Tracked objects:
		On entry : 
		On exit  : 
		Unchanged: 
 Data sizes:     COMMON   BANK0   BANK1   BANK3   BANK2
      Params:         0       0       0       0       0
      Locals:         0       0       0       0       0
      Temps:          0       0       0       0       0
      Totals:         0       0       0       0       0
Total ram usage:        0 bytes
 Hardware stack levels used:    1
 Hardware stack levels required when called:    2
 This function calls:
		___fladd
		___flge
		___flsub
 This function is called by:
		_watch_heat
 This function uses a non-reentrant model


 *************** function ___flsub *****************
 Defined at:
		line 242 in file "C:\Program Files (x86)\Microchip\xc8\v2.00\pic\sources\c90\common\sprcadd.c"
 Parameters:    Size  Location     Type
  a               4   50[BANK0 ] void 
  b               4   54[BANK0 ] void 
 Auto vars:     Size  Location     Type
		None
 Return value:  Size  Location     Type
                  4   50[BANK0 ] void 
 Registers used:
		wreg, status,2, status,0, btemp+1, pclath, cstack
 Tracked objects:
		On entry : 
		On exit  : 
		Unchanged: 
 Data sizes:     COMMON   BANK0   BANK1   BANK3   BANK2
      Params:         0       8       0       0       0
      Locals:         0       0       0       0       0
      Temps:          0       0       0       0       0
      Totals:         0       8       0       0       0
Total ram usage:        8 bytes
 Hardware stack levels used:    1
 Hardware stack levels required when called:    1
 This function calls:
		___fladd
 This function is called by:
		_change_heat
 This function uses a non-reentrant model


 *************** function ___fladd *****************
 Defined at:
		line 10 in file "C:\Program Files (x86)\Microchip\xc8\v2.00\pic\sources\c90\common\sprcadd.c"
 Parameters:    Size  Location     Type
  b               4   26[BANK0 ] void 
  a               4   30[BANK0 ] void 
 Auto vars:     Size  Location     Type
  grs             1   49[BANK0 ] unsigned char 
  bexp            1   48[BANK0 ] unsigned char 
  aexp            1   47[BANK0 ] unsigned char 
  signs           1   46[BANK0 ] unsigned char 
 Return value:  Size  Location     Type
                  4   26[BANK0 ] unsigned char 
 Registers used:
		wreg, status,2, status,0, btemp+1
 Tracked objects:
		On entry : 
		On exit  : 
		Unchanged: 
 Data sizes:     COMMON   BANK0   BANK1   BANK3   BANK2
      Params:         0       8       0       0       0
      Locals:         0       4       0       0       0
      Temps:          0      12       0       0       0
      Totals:         0      24       0       0       0
Total ram usage:       24 bytes
 Hardware stack levels used:    1
 This function calls:
		Nothing
 This function is called by:
		_change_heat
		_check_heat
		_watch_heat
		___flsub
 This function uses a non-reentrant model


 *************** function ___flge *****************
 Defined at:
		line 4 in file "C:\Program Files (x86)\Microchip\xc8\v2.00\pic\sources\c90\common\flge.c"
 Parameters:    Size  Location     Type
  ff1             4   50[BANK0 ] unsigned char 
  ff2             4   54[BANK0 ] unsigned char 
 Auto vars:     Size  Location     Type
		None
 Return value:  Size  Location     Type
		None               void
 Registers used:
		wreg, status,2, status,0
 Tracked objects:
		On entry : 
		On exit  : 
		Unchanged: 
 Data sizes:     COMMON   BANK0   BANK1   BANK3   BANK2
      Params:         0       8       0       0       0
      Locals:         0       0       0       0       0
      Temps:          0       8       0       0       0
      Totals:         0      16       0       0       0
Total ram usage:       16 bytes
 Hardware stack levels used:    1
 This function calls:
		Nothing
 This function is called by:
		_change_heat
		_check_heat
 This function uses a non-reentrant model


 *************** function ___xxtofl *****************
 Defined at:
		line 10 in file "C:\Program Files (x86)\Microchip\xc8\v2.00\pic\sources\c90\common\xxtofl.c"
 Parameters:    Size  Location     Type
  sign            1    wreg     unsigned char 
  val             4    0[COMMON] long 
 Auto vars:     Size  Location     Type
  sign            1    8[COMMON] unsigned char 
  arg             4   10[COMMON] unsigned long 
  exp             1    9[COMMON] unsigned char 
 Return value:  Size  Location     Type
                  4    0[COMMON] unsigned char 
 Registers used:
		wreg, status,2, status,0
 Tracked objects:
		On entry : 
		On exit  : 
		Unchanged: 
 Data sizes:     COMMON   BANK0   BANK1   BANK3   BANK2
      Params:         4       0       0       0       0
      Locals:         6       0       0       0       0
      Temps:          4       0       0       0       0
      Totals:        14       0       0       0       0
Total ram usage:       14 bytes
 Hardware stack levels used:    1
 This function calls:
		Nothing
 This function is called by:
		_watch_heat
 This function uses a non-reentrant model


 *************** function ___flmul *****************
 Defined at:
		line 8 in file "C:\Program Files (x86)\Microchip\xc8\v2.00\pic\sources\c90\common\sprcmul.c"
 Parameters:    Size  Location     Type
  b               4    0[BANK0 ] unsigned char 
  a               4    4[BANK0 ] unsigned char 
 Auto vars:     Size  Location     Type
  prod            4   20[BANK0 ] struct .
  grs             4   14[BANK0 ] unsigned long 
  temp            2   24[BANK0 ] struct .
  bexp            1   19[BANK0 ] unsigned char 
  aexp            1   18[BANK0 ] unsigned char 
  sign            1   13[BANK0 ] unsigned char 
 Return value:  Size  Location     Type
                  4    0[BANK0 ] unsigned char 
 Registers used:
		wreg, status,2, status,0, btemp+1, pclath, cstack
 Tracked objects:
		On entry : 
		On exit  : 
		Unchanged: 
 Data sizes:     COMMON   BANK0   BANK1   BANK3   BANK2
      Params:         0       8       0       0       0
      Locals:         0      13       0       0       0
      Temps:          0       5       0       0       0
      Totals:         0      26       0       0       0
Total ram usage:       26 bytes
 Hardware stack levels used:    1
 Hardware stack levels required when called:    1
 This function calls:
		__Umul8_16
 This function is called by:
		_watch_heat
 This function uses a non-reentrant model


 *************** function __Umul8_16 *****************
 Defined at:
		line 4 in file "C:\Program Files (x86)\Microchip\xc8\v2.00\pic\sources\c90\common\Umul8_16.c"
 Parameters:    Size  Location     Type
  multiplier      1    wreg     unsigned char 
  multiplicand    1    0[COMMON] unsigned char 
 Auto vars:     Size  Location     Type
  multiplier      1    8[COMMON] unsigned char 
  word_mpld       2    6[COMMON] unsigned int 
  product         2    4[COMMON] unsigned int 
 Return value:  Size  Location     Type
                  2    0[COMMON] unsigned int 
 Registers used:
		wreg, status,2, status,0
 Tracked objects:
		On entry : 
		On exit  : 
		Unchanged: 
 Data sizes:     COMMON   BANK0   BANK1   BANK3   BANK2
      Params:         2       0       0       0       0
      Locals:         5       0       0       0       0
      Temps:          2       0       0       0       0
      Totals:         9       0       0       0       0
Total ram usage:        9 bytes
 Hardware stack levels used:    1
 This function calls:
		Nothing
 This function is called by:
		___flmul
 This function uses a non-reentrant model


 *************** function ___fldiv *****************
 Defined at:
		line 8 in file "C:\Program Files (x86)\Microchip\xc8\v2.00\pic\sources\c90\common\sprcdiv.c"
 Parameters:    Size  Location     Type
  a               4   26[BANK0 ] unsigned int 
  b               4   30[BANK0 ] unsigned int 
 Auto vars:     Size  Location     Type
  grs             4   46[BANK0 ] unsigned long 
  rem             4   39[BANK0 ] unsigned long 
  new_exp         2   44[BANK0 ] int 
  aexp            1   51[BANK0 ] unsigned char 
  bexp            1   50[BANK0 ] unsigned char 
  sign            1   43[BANK0 ] unsigned char 
 Return value:  Size  Location     Type
                  4   26[BANK0 ] unsigned char 
 Registers used:
		wreg, status,2, status,0, btemp+1
 Tracked objects:
		On entry : 
		On exit  : 
		Unchanged: 
 Data sizes:     COMMON   BANK0   BANK1   BANK3   BANK2
      Params:         0       8       0       0       0
      Locals:         0      13       0       0       0
      Temps:          0       5       0       0       0
      Totals:         0      26       0       0       0
Total ram usage:       26 bytes
 Hardware stack levels used:    1
 This function calls:
		Nothing
 This function is called by:
		_watch_heat
 This function uses a non-reentrant model



MODULE INFORMATION

Module		Function		Class		Link	Load	Size
C:\Program Files (x86)\Microchip\xc8\v2.00\pic\sources\c90\common\fleq.c
		___fleq        		CODE           	0027	0000	81

C:\Program Files (x86)\Microchip\xc8\v2.00\pic\sources\c90\common\fleq.c estimated size: 81

C:\Program Files (x86)\Microchip\xc8\v2.00\pic\sources\c90\common\sprcmul.c
		___flmul       		CODE           	0465	0000	886

C:\Program Files (x86)\Microchip\xc8\v2.00\pic\sources\c90\common\sprcmul.c estimated size: 886

C:\Program Files (x86)\Microchip\xc8\v2.00\pic\sources\c90\common\sprcdiv.c
		___fldiv       		CODE           	0DF7	0000	522

C:\Program Files (x86)\Microchip\xc8\v2.00\pic\sources\c90\common\sprcdiv.c estimated size: 522

heat.c
		_watch_heat    		CODE           	0077	0000	307
		_light         		CODE           	09C2	0000	177
		_change_heat   		CODE           	0BF7	0000	230
		_check_heat    		CODE           	0CDC	0000	284

heat.c estimated size: 998

C:\Program Files (x86)\Microchip\xc8\v2.00\pic\sources\c90\common\flge.c
		___flge        		CODE           	0B34	0000	196

C:\Program Files (x86)\Microchip\xc8\v2.00\pic\sources\c90\common\flge.c estimated size: 196

C:\Program Files (x86)\Microchip\xc8\v2.00\pic\sources\c90\common\sprcadd.c
		___flsub       		CODE           	0930	0000	38
		___fladd       		CODE           	01A9	0000	701

C:\Program Files (x86)\Microchip\xc8\v2.00\pic\sources\c90\common\sprcadd.c estimated size: 739

shared
		__initialization		CODE           	07DA	0000	35

shared estimated size: 35

C:\Program Files (x86)\Microchip\xc8\v2.00\pic\sources\c90\common\xxtofl.c
		___xxtofl      		CODE           	0A72	0000	195

C:\Program Files (x86)\Microchip\xc8\v2.00\pic\sources\c90\common\xxtofl.c estimated size: 195

C:\Program Files (x86)\Microchip\xc8\v2.00\pic\sources\c90\common\Umul8_16.c
		__Umul8_16     		CODE           	0955	0000	43

C:\Program Files (x86)\Microchip\xc8\v2.00\pic\sources\c90\common\Umul8_16.c estimated size: 43

main.c
		_main          		CODE           	097F	0000	68

main.c estimated size: 68

